C51 COMPILER V9.57.0.0   MAIN                                                              04/04/2018 00:15:52 PAGE 1   


C51 COMPILER V9.57.0.0, COMPILATION OF MODULE MAIN
OBJECT MODULE PLACED IN .\Objects\main.obj
COMPILER INVOKED BY: D:\PROGRAM FILES\Keil C51\C51\BIN\C51.EXE main.c OPTIMIZE(8,SPEED) BROWSE DEBUG OBJECTEXTEND PRINT(
                    -.\Listings\main.lst) TABS(2) OBJECT(.\Objects\main.obj)

line level    source

   1          #include<reg52.h> 
   2          #define DataPort P1        
   3          
   4          sbit LATCH1=P2^0;         
   5          sbit LATCH2=P3^5;        
   6          sbit P21=P2^1; 
   7          
   8          
   9          unsigned char code Smile[] = {0x00, 0x00, 0x24, 0x24, 0x81, 0x42, 0x3c, 0x00};
  10          unsigned char code Up[]    = {0x18, 0x3c, 0x66, 0xc3, 0x00, 0x00, 0x00, 0x00};
  11          unsigned char code Left[]  = {0x18, 0x30, 0x60, 0xc0, 0xc0, 0x60, 0x30, 0x18};
  12          unsigned char code Down[]  = {0x00, 0x00, 0x00, 0x00, 0xc3, 0x66, 0x3c, 0x18};
  13          unsigned char code Right[] = {0x18, 0x0c, 0x06, 0x03, 0x03, 0x06, 0x0c, 0x18};
  14          
  15          unsigned char code Line[] = {0xfe, 0xfd, 0xfb, 0xf7, 0xef, 0xdf, 0xbf, 0x7f};
  16          
  17          void Delay(unsigned int t);     //   delay
  18          void Draw(unsigned char code *img); //display not moving image     
  19          
  20          void InitInterrupt(){
  21   1        EA = 1;
  22   1        EX0 = 1;
  23   1        IT0 = 1;
  24   1      }
  25          
  26          
  27          main()
  28          {
  29   1        P1 = 0x00;             
  30   1        P21 = 0;  
  31   1        InitInterrupt();           
  32   1            
  33   1        while(1){
  34   2          
  35   2          
  36   2        }       
  37   1      }
  38          
  39          void Delay(unsigned int t){
  40   1        while(--t);
  41   1      }
  42          
  43          void Draw(unsigned char code *img){
  44   1        unsigned int i; 
  45   1        
  46   1        for (i = 0; i < 8; i++)
  47   1        {
  48   2          DataPort = 0x0;            
  49   2          LATCH1 = 1;
  50   2          LATCH1 = 0;
  51   2      
  52   2          DataPort = Line[i];     
  53   2          LATCH2 = 1;
  54   2          LATCH2 = 0;
C51 COMPILER V9.57.0.0   MAIN                                                              04/04/2018 00:15:52 PAGE 2   

  55   2      
  56   2          DataPort = img[i];       
  57   2          LATCH1 = 1;
  58   2          LATCH1 = 0;
  59   2        }
  60   1      }
  61          
  62          
  63          
  64          


MODULE INFORMATION:   STATIC OVERLAYABLE
   CODE SIZE        =     83    ----
   CONSTANT SIZE    =     48    ----
   XDATA SIZE       =   ----    ----
   PDATA SIZE       =   ----    ----
   DATA SIZE        =   ----    ----
   IDATA SIZE       =   ----    ----
   BIT SIZE         =   ----    ----
END OF MODULE INFORMATION.


C51 COMPILATION COMPLETE.  0 WARNING(S),  0 ERROR(S)
